
> zik-pass@0.1.0 build
> next build

   ▲ Next.js 15.5.14
   - Environments: .env.local, .env

   Creating an optimized production build ...
getaddrinfo ENOTFOUND fonts.googleapis.com

Retrying 1/3...
getaddrinfo ENOTFOUND fonts.googleapis.com

Retrying 2/3...
getaddrinfo ENOTFOUND fonts.googleapis.com

Retrying 3/3...
[Error: getaddrinfo ENOTFOUND fonts.googleapis.com] {
  errno: -3008,
  code: 'ENOTFOUND',
  syscall: 'getaddrinfo',
  hostname: 'fonts.googleapis.com'
}
Failed to compile.

app/layout.tsx
`next/font` error:
Failed to fetch `Manrope` from Google Fonts.


> Build failed because of webpack errors
